=========================================
RATIO EDGE CASE REVIEW
=========================================

ABB | Dec 2012 | ROE Difference = 12.49% | Category: Source Value Difference
ABB | Mar 2014 | ROE Difference = 9.77% | Category: Source Value Difference
ABB | Mar 2014 | ROE Difference = 9.77% | Category: Source Value Difference
ABB | Mar 2015 | ROE Difference = 10.46% | Category: Source Value Difference
ABB | Mar 2015 | ROE Difference = 10.46% | Category: Source Value Difference
ABB | Mar 2016 | ROE Difference = 13.56% | Category: Source Value Difference
ABB | Mar 2016 | ROE Difference = 13.56% | Category: Source Value Difference
ABB | Mar 2017 | ROE Difference = 14.93% | Category: Source Value Difference
ABB | Mar 2017 | ROE Difference = 14.93% | Category: Source Value Difference
ABB | Mar 2018 | ROE Difference = 11.21% | Category: Source Value Difference
ABB | Mar 2018 | ROE Difference = 11.21% | Category: Source Value Difference
ABB | Mar 2019 | ROE Difference = 12.49% | Category: Source Value Difference
ABB | Mar 2019 | ROE Difference = 12.49% | Category: Source Value Difference
ABB | Mar 2020 | ROE Difference = 10.51% | Category: Source Value Difference
ABB | Mar 2020 | ROE Difference = 10.51% | Category: Source Value Difference
ABB | Mar 2021 | ROE Difference = 8.34% | Category: Source Value Difference
ABB | Mar 2021 | ROE Difference = 8.34% | Category: Source Value Difference
ABB | Mar 2022 | ROE Difference = 6.57% | Category: Source Value Difference
ABB | Mar 2022 | ROE Difference = 6.57% | Category: Source Value Difference
ABB | Mar 2023 | ROE Difference = 5.13% | Category: Source Value Difference
ABB | Mar 2023 | ROE Difference = 5.13% | Category: Source Value Difference
ADANIENSOL | Mar 2014 | ROE Difference = 8.59% | Category: Source Value Difference
ADANIENSOL | Mar 2015 | ROE Difference = 9.24% | Category: Source Value Difference
ADANIENSOL | Mar 2016 | ROE Difference = 5.18% | Category: Source Value Difference
ADANIENSOL | Mar 2017 | ROE Difference = 5.53% | Category: Source Value Difference
ADANIENSOL | Mar 2018 | ROE Difference = 10.28% | Category: Source Value Difference
ADANIENSOL | Mar 2021 | ROE Difference = 5.87% | Category: Source Value Difference
ADANIENT | Mar 2013 | ROE Difference = 7.95% | Category: Source Value Difference
ADANIENT | Mar 2016 | ROE Difference = 6.17% | Category: Source Value Difference
ADANIENT | Mar 2017 | ROE Difference = 7.10% | Category: Source Value Difference
ADANIENT | Mar 2018 | ROE Difference = 9.70% | Category: Source Value Difference
ADANIENT | Mar 2019 | ROE Difference = 10.21% | Category: Source Value Difference
ADANIENT | Mar 2020 | ROE Difference = 7.50% | Category: Source Value Difference
ADANIENT | Mar 2021 | ROE Difference = 7.54% | Category: Source Value Difference
ADANIENT | Mar 2022 | ROE Difference = 10.10% | Category: Source Value Difference
ADANIENT | Mar 2023 | ROE Difference = 6.31% | Category: Source Value Difference
ADANIENT | Mar 2024 | ROE Difference = 5.11% | Category: Source Value Difference
ADANIGREEN | Mar 2017 | ROE Difference = 18.61% | Category: Source Value Difference
ADANIGREEN | Mar 2018 | ROE Difference = 24.99% | Category: Source Value Difference
ADANIGREEN | Mar 2019 | ROE Difference = 39.27% | Category: Source Value Difference
ADANIGREEN | Mar 2020 | ROE Difference = 17.59% | Category: Source Value Difference
ADANIGREEN | Mar 2021 | ROE Difference = 6.43% | Category: Source Value Difference
ADANIPORTS | Mar 2013 | ROE Difference = 7.53% | Category: Source Value Difference
ADANIPORTS | Mar 2022 | ROE Difference = 6.26% | Category: Source Value Difference
ADANIPORTS | Mar 2023 | ROE Difference = 6.22% | Category: Source Value Difference
ADANIPORTS | Mar 2013 | ROE Difference = 7.53% | Category: Source Value Difference
ADANIPORTS | Mar 2022 | ROE Difference = 6.26% | Category: Source Value Difference
ADANIPORTS | Mar 2023 | ROE Difference = 6.22% | Category: Source Value Difference
ADANIPOWER | Mar 2013 | ROE Difference = 110.56% | Category: Source Value Difference
ADANIPOWER | Mar 2014 | ROE Difference = 61.55% | Category: Source Value Difference
ADANIPOWER | Mar 2015 | ROE Difference = 71.35% | Category: Source Value Difference
ADANIPOWER | Mar 2016 | ROE Difference = 49.72% | Category: Source Value Difference
ADANIPOWER | Mar 2017 | ROE Difference = 262.90% | Category: Source Value Difference
ADANIPOWER | Mar 2018 | ROE Difference = 293.66% | Category: Source Value Difference
ADANIPOWER | Mar 2019 | ROE Difference = 69.86% | Category: Source Value Difference
ADANIPOWER | Mar 2020 | ROE Difference = 92.20% | Category: Source Value Difference
ADANIPOWER | Mar 2021 | ROE Difference = 47.41% | Category: Source Value Difference
ADANIPOWER | Mar 2022 | ROE Difference = 30.49% | Category: Source Value Difference
ADANIPOWER | Mar 2023 | ROE Difference = 21.19% | Category: Source Value Difference
ADANIPOWER | Mar 2024 | ROE Difference = 8.82% | Category: Source Value Difference
AMBUJACEM | Dec 2012 | ROE Difference = 5.45% | Category: Source Value Difference
AMBUJACEM | Dec 2014 | ROE Difference = 5.53% | Category: Source Value Difference
AMBUJACEM | Dec 2021 | ROE Difference = 5.40% | Category: Source Value Difference
APOLLOHOSP | Mar 2016 | ROE Difference = 6.76% | Category: Source Value Difference
APOLLOHOSP | Mar 2017 | ROE Difference = 9.86% | Category: Source Value Difference
APOLLOHOSP | Mar 2018 | ROE Difference = 11.96% | Category: Source Value Difference
APOLLOHOSP | Mar 2019 | ROE Difference = 7.81% | Category: Source Value Difference
APOLLOHOSP | Mar 2021 | ROE Difference = 10.83% | Category: Source Value Difference
APOLLOHOSP | Mar 2022 | ROE Difference = 5.89% | Category: Source Value Difference
ASIANPAINT | Mar 2018 | ROE Difference = 6.50% | Category: Source Value Difference
ASIANPAINT | Mar 2018 | ROE Difference = 6.50% | Category: Source Value Difference
ASIANPAINT | Mar 2019 | ROE Difference = 8.14% | Category: Source Value Difference
ASIANPAINT | Mar 2019 | ROE Difference = 8.14% | Category: Source Value Difference
ASIANPAINT | Mar 2021 | ROE Difference = 6.41% | Category: Source Value Difference
ASIANPAINT | Mar 2021 | ROE Difference = 6.41% | Category: Source Value Difference
ASIANPAINT | Mar 2022 | ROE Difference = 9.11% | Category: Source Value Difference
ASIANPAINT | Mar 2022 | ROE Difference = 9.11% | Category: Source Value Difference
ASIANPAINT | Mar 2023 | ROE Difference = 5.22% | Category: Source Value Difference
ASIANPAINT | Mar 2023 | ROE Difference = 5.22% | Category: Source Value Difference
BAJAJ-AUTO | Mar 2013 | ROE Difference = 12.35% | Category: Source Value Difference
BAJAJ-AUTO | Mar 2013 | ROE Difference = 12.35% | Category: Source Value Difference
BAJAJ-AUTO | Mar 2014 | ROE Difference = 6.74% | Category: Source Value Difference
BAJAJ-AUTO | Mar 2014 | ROE Difference = 6.74% | Category: Source Value Difference
BAJAJ-AUTO | Mar 2018 | ROE Difference = 5.84% | Category: Source Value Difference
BAJAJ-AUTO | Mar 2018 | ROE Difference = 5.84% | Category: Source Value Difference
BAJAJ-AUTO | Mar 2019 | ROE Difference = 5.29% | Category: Source Value Difference
BAJAJ-AUTO | Mar 2019 | ROE Difference = 5.29% | Category: Source Value Difference
BAJAJ-AUTO | Mar 2021 | ROE Difference = 8.69% | Category: Source Value Difference
BAJAJ-AUTO | Mar 2021 | ROE Difference = 8.69% | Category: Source Value Difference
BAJAJ-AUTO | Mar 2022 | ROE Difference = 5.85% | Category: Source Value Difference
BAJAJ-AUTO | Mar 2022 | ROE Difference = 5.85% | Category: Source Value Difference
BAJAJ-AUTO | Mar 2023 | ROE Difference = 5.86% | Category: Source Value Difference
BAJAJ-AUTO | Mar 2023 | ROE Difference = 5.86% | Category: Source Value Difference
AXISBANK | Mar 2013 | Financial Sector - D/E Warning Suppressed
AXISBANK | Mar 2014 | Financial Sector - D/E Warning Suppressed
AXISBANK | Mar 2015 | Financial Sector - D/E Warning Suppressed
AXISBANK | Mar 2016 | Financial Sector - D/E Warning Suppressed
AXISBANK | Mar 2017 | Financial Sector - D/E Warning Suppressed
AXISBANK | Mar 2017 | ROE Difference = 11.87% | Category: Source Value Difference
AXISBANK | Mar 2018 | Financial Sector - D/E Warning Suppressed
AXISBANK | Mar 2018 | ROE Difference = 17.97% | Category: Source Value Difference
AXISBANK | Mar 2019 | Financial Sector - D/E Warning Suppressed
AXISBANK | Mar 2019 | ROE Difference = 11.50% | Category: Source Value Difference
AXISBANK | Mar 2020 | Financial Sector - D/E Warning Suppressed
AXISBANK | Mar 2020 | ROE Difference = 16.52% | Category: Source Value Difference
AXISBANK | Mar 2021 | Financial Sector - D/E Warning Suppressed
AXISBANK | Mar 2021 | ROE Difference = 12.04% | Category: Source Value Difference
AXISBANK | Mar 2022 | Financial Sector - D/E Warning Suppressed
AXISBANK | Mar 2022 | ROE Difference = 7.39% | Category: Source Value Difference
AXISBANK | Mar 2023 | Financial Sector - D/E Warning Suppressed
AXISBANK | Mar 2023 | ROE Difference = 11.02% | Category: Source Value Difference
AXISBANK | Mar 2024 | Financial Sector - D/E Warning Suppressed
BAJAJFINSV | Mar 2013 | Financial Sector - D/E Warning Suppressed
BAJAJFINSV | Mar 2013 | ROE Difference = 16.66% | Category: Source Value Difference
BAJAJFINSV | Mar 2014 | Financial Sector - D/E Warning Suppressed
BAJAJFINSV | Mar 2014 | ROE Difference = 11.81% | Category: Source Value Difference
BAJAJFINSV | Mar 2015 | Financial Sector - D/E Warning Suppressed
BAJAJFINSV | Mar 2015 | ROE Difference = 10.00% | Category: Source Value Difference
BAJAJFINSV | Mar 2016 | Financial Sector - D/E Warning Suppressed
BAJAJFINSV | Mar 2016 | ROE Difference = 8.69% | Category: Source Value Difference
BAJAJFINSV | Mar 2017 | Financial Sector - D/E Warning Suppressed
BAJAJFINSV | Mar 2017 | ROE Difference = 9.64% | Category: Source Value Difference
BAJAJFINSV | Mar 2018 | Financial Sector - D/E Warning Suppressed
BAJAJFINSV | Mar 2018 | ROE Difference = 8.67% | Category: Source Value Difference
BAJAJFINSV | Mar 2019 | Financial Sector - D/E Warning Suppressed
BAJAJFINSV | Mar 2019 | ROE Difference = 10.92% | Category: Source Value Difference
BAJAJFINSV | Mar 2020 | Financial Sector - D/E Warning Suppressed
BAJAJFINSV | Mar 2020 | ROE Difference = 7.43% | Category: Source Value Difference
BAJAJFINSV | Mar 2021 | Financial Sector - D/E Warning Suppressed
BAJAJFINSV | Mar 2021 | ROE Difference = 8.84% | Category: Source Value Difference
BAJAJFINSV | Mar 2022 | Financial Sector - D/E Warning Suppressed
BAJAJFINSV | Mar 2022 | ROE Difference = 8.94% | Category: Source Value Difference
BAJAJFINSV | Mar 2023 | Financial Sector - D/E Warning Suppressed
BAJAJFINSV | Mar 2023 | ROE Difference = 14.59% | Category: Source Value Difference
BAJAJFINSV | Mar 2024 | Financial Sector - D/E Warning Suppressed
BAJAJFINSV | Mar 2024 | ROE Difference = 14.13% | Category: Source Value Difference
BAJAJHLDNG | Mar 2013 | Financial Sector - D/E Warning Suppressed
BAJAJHLDNG | Mar 2014 | Financial Sector - D/E Warning Suppressed
BAJAJHLDNG | Mar 2015 | Financial Sector - D/E Warning Suppressed
BAJAJHLDNG | Mar 2016 | Financial Sector - D/E Warning Suppressed
BAJAJHLDNG | Mar 2017 | Financial Sector - D/E Warning Suppressed
BAJAJHLDNG | Mar 2018 | Financial Sector - D/E Warning Suppressed
BAJAJHLDNG | Mar 2019 | Financial Sector - D/E Warning Suppressed
BAJAJHLDNG | Mar 2020 | Financial Sector - D/E Warning Suppressed
BAJAJHLDNG | Mar 2021 | Financial Sector - D/E Warning Suppressed
BAJAJHLDNG | Mar 2022 | Financial Sector - D/E Warning Suppressed
BAJAJHLDNG | Mar 2022 | ROE Difference = 5.17% | Category: Source Value Difference
BAJAJHLDNG | Mar 2023 | Financial Sector - D/E Warning Suppressed
BAJAJHLDNG | Mar 2024 | Financial Sector - D/E Warning Suppressed
BAJFINANCE | Mar 2015 | Financial Sector - D/E Warning Suppressed
BAJFINANCE | Mar 2016 | Financial Sector - D/E Warning Suppressed
BAJFINANCE | Mar 2017 | Financial Sector - D/E Warning Suppressed
BAJFINANCE | Mar 2018 | Financial Sector - D/E Warning Suppressed
BAJFINANCE | Mar 2018 | ROE Difference = 6.35% | Category: Source Value Difference
BAJFINANCE | Mar 2019 | Financial Sector - D/E Warning Suppressed
BAJFINANCE | Mar 2020 | Financial Sector - D/E Warning Suppressed
BAJFINANCE | Mar 2020 | ROE Difference = 5.82% | Category: Source Value Difference
BAJFINANCE | Mar 2021 | Financial Sector - D/E Warning Suppressed
BAJFINANCE | Mar 2021 | ROE Difference = 10.13% | Category: Source Value Difference
BAJFINANCE | Mar 2022 | Financial Sector - D/E Warning Suppressed
BAJFINANCE | Mar 2022 | ROE Difference = 6.02% | Category: Source Value Difference
BAJFINANCE | Mar 2023 | Financial Sector - D/E Warning Suppressed
BAJFINANCE | Mar 2024 | Financial Sector - D/E Warning Suppressed
BANKBARODA | Mar 2013 | Financial Sector - D/E Warning Suppressed
BANKBARODA | Mar 2014 | Financial Sector - D/E Warning Suppressed
BANKBARODA | Mar 2015 | Financial Sector - D/E Warning Suppressed
BANKBARODA | Mar 2015 | ROE Difference = 7.30% | Category: Source Value Difference
BANKBARODA | Mar 2016 | Financial Sector - D/E Warning Suppressed
BANKBARODA | Mar 2016 | ROE Difference = 28.54% | Category: Source Value Difference
BANKBARODA | Mar 2017 | Financial Sector - D/E Warning Suppressed
BANKBARODA | Mar 2017 | ROE Difference = 12.39% | Category: Source Value Difference
BANKBARODA | Mar 2018 | Financial Sector - D/E Warning Suppressed
BANKBARODA | Mar 2018 | ROE Difference = 20.64% | Category: Source Value Difference
BANKBARODA | Mar 2019 | Financial Sector - D/E Warning Suppressed
BANKBARODA | Mar 2019 | ROE Difference = 14.58% | Category: Source Value Difference
BANKBARODA | Mar 2020 | Financial Sector - D/E Warning Suppressed
BANKBARODA | Mar 2020 | ROE Difference = 15.41% | Category: Source Value Difference
BANKBARODA | Mar 2021 | Financial Sector - D/E Warning Suppressed
BANKBARODA | Mar 2021 | ROE Difference = 14.73% | Category: Source Value Difference
BANKBARODA | Mar 2022 | Financial Sector - D/E Warning Suppressed
BANKBARODA | Mar 2022 | ROE Difference = 8.06% | Category: Source Value Difference
BANKBARODA | Mar 2023 | Financial Sector - D/E Warning Suppressed
BANKBARODA | Mar 2024 | Financial Sector - D/E Warning Suppressed
BHARTIARTL | Mar 2013 | ROE Difference = 10.40% | Category: Source Value Difference
BHARTIARTL | Mar 2014 | ROE Difference = 9.85% | Category: Source Value Difference
BHARTIARTL | Mar 2017 | ROE Difference = 8.61% | Category: Source Value Difference
BHARTIARTL | Mar 2018 | ROE Difference = 11.76% | Category: Source Value Difference
BHARTIARTL | Mar 2019 | ROE Difference = 12.54% | Category: Source Value Difference
BHARTIARTL | Mar 2020 | ROE Difference = 54.65% | Category: Source Value Difference
BHARTIARTL | Mar 2021 | ROE Difference = 35.87% | Category: Source Value Difference
BEL | Mar 2013 | ROE Difference = 15157.03% | Category: Source Value Difference
BEL | Mar 2014 | ROE Difference = 13573.70% | Category: Source Value Difference
BEL | Mar 2015 | ROE Difference = 17073.70% | Category: Source Value Difference
BEL | Mar 2016 | ROE Difference = 11115.37% | Category: Source Value Difference
BEL | Mar 2017 | ROE Difference = 10127.03% | Category: Source Value Difference
BEL | Mar 2018 | ROE Difference = 4589.83% | Category: Source Value Difference
BEL | Mar 2019 | ROE Difference = 3824.72% | Category: Source Value Difference
BEL | Mar 2020 | ROE Difference = 3291.88% | Category: Source Value Difference
BEL | Mar 2021 | ROE Difference = 3533.02% | Category: Source Value Difference
BEL | Mar 2022 | ROE Difference = 3451.96% | Category: Source Value Difference
BEL | Mar 2023 | ROE Difference = 3955.03% | Category: Source Value Difference
BEL | Mar 2024 | ROE Difference = 4717.75% | Category: Source Value Difference
BHEL | Mar 2013 | ROE Difference = 20.86% | Category: Source Value Difference
BHEL | Mar 2014 | ROE Difference = 9.51% | Category: Source Value Difference
BHEL | Mar 2020 | ROE Difference = 6.17% | Category: Source Value Difference
BHEL | Mar 2021 | ROE Difference = 11.44% | Category: Source Value Difference
BOSCHLTD | Mar 2020 | ROE Difference = 8.99% | Category: Source Value Difference
BOSCHLTD | Mar 2021 | ROE Difference = 11.09% | Category: Source Value Difference
BPCL | Mar 2013 | ROE Difference = 30.36% | Category: Source Value Difference
BPCL | Mar 2014 | ROE Difference = 21.05% | Category: Source Value Difference
BPCL | Mar 2015 | ROE Difference = 19.38% | Category: Source Value Difference
BPCL | Mar 2016 | ROE Difference = 12.80% | Category: Source Value Difference
BPCL | Mar 2017 | ROE Difference = 11.05% | Category: Source Value Difference
BPCL | Mar 2018 | ROE Difference = 15.16% | Category: Source Value Difference
BPCL | Mar 2019 | ROE Difference = 19.90% | Category: Source Value Difference
BPCL | Mar 2020 | ROE Difference = 31.86% | Category: Source Value Difference
BPCL | Mar 2021 | ROE Difference = 9.56% | Category: Source Value Difference
BPCL | Mar 2022 | ROE Difference = 19.39% | Category: Source Value Difference
BPCL | Mar 2023 | ROE Difference = 37.92% | Category: Source Value Difference
BPCL | Mar 2024 | ROE Difference = 6.39% | Category: Source Value Difference
BRITANNIA | Mar 2013 | ROE Difference = 10.51% | Category: Source Value Difference
BRITANNIA | Mar 2014 | ROE Difference = 7.60% | Category: Source Value Difference
BRITANNIA | Mar 2016 | ROE Difference = 17.66% | Category: Source Value Difference
BRITANNIA | Mar 2017 | ROE Difference = 24.27% | Category: Source Value Difference
BRITANNIA | Mar 2018 | ROE Difference = 27.62% | Category: Source Value Difference
BRITANNIA | Mar 2019 | ROE Difference = 29.94% | Category: Source Value Difference
BRITANNIA | Mar 2020 | ROE Difference = 25.44% | Category: Source Value Difference
BRITANNIA | Mar 2023 | ROE Difference = 8.43% | Category: Source Value Difference
CANBK | Mar 2013 | Financial Sector - D/E Warning Suppressed
CANBK | Mar 2013 | ROE Difference = 6.00% | Category: Source Value Difference
CANBK | Mar 2014 | Financial Sector - D/E Warning Suppressed
CANBK | Mar 2014 | ROE Difference = 9.05% | Category: Source Value Difference
CANBK | Mar 2015 | Financial Sector - D/E Warning Suppressed
CANBK | Mar 2015 | ROE Difference = 8.88% | Category: Source Value Difference
CANBK | Mar 2016 | Financial Sector - D/E Warning Suppressed
CANBK | Mar 2016 | ROE Difference = 25.72% | Category: Source Value Difference
CANBK | Mar 2017 | Financial Sector - D/E Warning Suppressed
CANBK | Mar 2017 | ROE Difference = 13.83% | Category: Source Value Difference
CANBK | Mar 2018 | Financial Sector - D/E Warning Suppressed
CANBK | Mar 2018 | ROE Difference = 28.40% | Category: Source Value Difference
CANBK | Mar 2019 | Financial Sector - D/E Warning Suppressed
CANBK | Mar 2019 | ROE Difference = 16.05% | Category: Source Value Difference
CANBK | Mar 2020 | Financial Sector - D/E Warning Suppressed
CANBK | Mar 2020 | ROE Difference = 22.56% | Category: Source Value Difference
CANBK | Mar 2021 | Financial Sector - D/E Warning Suppressed
CANBK | Mar 2021 | ROE Difference = 13.16% | Category: Source Value Difference
CANBK | Mar 2022 | Financial Sector - D/E Warning Suppressed
CANBK | Mar 2022 | ROE Difference = 9.10% | Category: Source Value Difference
CANBK | Mar 2023 | Financial Sector - D/E Warning Suppressed
CANBK | Mar 2024 | Financial Sector - D/E Warning Suppressed
CHOLAFIN | Mar 2013 | Financial Sector - D/E Warning Suppressed
CHOLAFIN | Mar 2014 | Financial Sector - D/E Warning Suppressed
CHOLAFIN | Mar 2015 | Financial Sector - D/E Warning Suppressed
CHOLAFIN | Mar 2016 | Financial Sector - D/E Warning Suppressed
CHOLAFIN | Mar 2017 | Financial Sector - D/E Warning Suppressed
CHOLAFIN | Mar 2018 | Financial Sector - D/E Warning Suppressed
CHOLAFIN | Mar 2019 | Financial Sector - D/E Warning Suppressed
CHOLAFIN | Mar 2020 | Financial Sector - D/E Warning Suppressed
CHOLAFIN | Mar 2020 | ROE Difference = 7.35% | Category: Source Value Difference
CHOLAFIN | Mar 2021 | Financial Sector - D/E Warning Suppressed
CHOLAFIN | Mar 2022 | Financial Sector - D/E Warning Suppressed
CHOLAFIN | Mar 2023 | Financial Sector - D/E Warning Suppressed
CHOLAFIN | Mar 2024 | Financial Sector - D/E Warning Suppressed
CIPLA | Mar 2015 | ROE Difference = 5.42% | Category: Source Value Difference
CIPLA | Mar 2017 | ROE Difference = 8.55% | Category: Source Value Difference
CIPLA | Mar 2018 | ROE Difference = 6.84% | Category: Source Value Difference
CIPLA | Mar 2019 | ROE Difference = 6.86% | Category: Source Value Difference
CIPLA | Mar 2020 | ROE Difference = 7.28% | Category: Source Value Difference
COALINDIA | Mar 2013 | ROE Difference = 16.19% | Category: Source Value Difference
COALINDIA | Mar 2014 | ROE Difference = 16.36% | Category: Source Value Difference
COALINDIA | Mar 2015 | ROE Difference = 17.98% | Category: Source Value Difference
COALINDIA | Mar 2016 | ROE Difference = 11.04% | Category: Source Value Difference
COALINDIA | Mar 2017 | ROE Difference = 14.15% | Category: Source Value Difference
COALINDIA | Mar 2018 | ROE Difference = 17.12% | Category: Source Value Difference
COALINDIA | Mar 2019 | ROE Difference = 14.01% | Category: Source Value Difference
COALINDIA | Mar 2021 | ROE Difference = 17.22% | Category: Source Value Difference
COALINDIA | Mar 2022 | ROE Difference = 11.72% | Category: Source Value Difference
COALINDIA | Mar 2024 | ROE Difference = 6.83% | Category: Source Value Difference
DABUR | Mar 2013 | ROE Difference = 17.36% | Category: Source Value Difference
DABUR | Mar 2014 | ROE Difference = 15.29% | Category: Source Value Difference
DABUR | Mar 2015 | ROE Difference = 12.64% | Category: Source Value Difference
DABUR | Mar 2016 | ROE Difference = 10.86% | Category: Source Value Difference
DABUR | Mar 2017 | ROE Difference = 7.21% | Category: Source Value Difference
DABUR | Mar 2019 | ROE Difference = 6.47% | Category: Source Value Difference
DIVISLAB | Mar 2013 | ROE Difference = 11.87% | Category: Source Value Difference
DIVISLAB | Mar 2014 | ROE Difference = 13.88% | Category: Source Value Difference
DIVISLAB | Mar 2015 | ROE Difference = 12.17% | Category: Source Value Difference
DIVISLAB | Mar 2016 | ROE Difference = 14.03% | Category: Source Value Difference
DIVISLAB | Mar 2017 | ROE Difference = 7.59% | Category: Source Value Difference
DIVISLAB | Mar 2019 | ROE Difference = 7.25% | Category: Source Value Difference
DIVISLAB | Mar 2020 | ROE Difference = 6.64% | Category: Source Value Difference
DIVISLAB | Mar 2021 | ROE Difference = 9.14% | Category: Source Value Difference
DIVISLAB | Mar 2022 | ROE Difference = 13.04% | Category: Source Value Difference
DLF | Mar 2015 | ROE Difference = 5.10% | Category: Source Value Difference
DLF | Mar 2016 | ROE Difference = 5.68% | Category: Source Value Difference
DLF | Mar 2018 | ROE Difference = 5.73% | Category: Source Value Difference
DLF | Mar 2020 | ROE Difference = 8.66% | Category: Source Value Difference
DMART | Mar 2016 | ROE Difference = 6.54% | Category: Source Value Difference
DMART | Mar 2021 | ROE Difference = 5.48% | Category: Source Value Difference
DRREDDY | Mar 2017 | ROE Difference = 10.86% | Category: Source Value Difference
DRREDDY | Mar 2018 | ROE Difference = 13.87% | Category: Source Value Difference
DRREDDY | Mar 2019 | ROE Difference = 7.50% | Category: Source Value Difference
DRREDDY | Mar 2020 | ROE Difference = 8.41% | Category: Source Value Difference
DRREDDY | Mar 2021 | ROE Difference = 10.33% | Category: Source Value Difference
DRREDDY | Mar 2022 | ROE Difference = 10.04% | Category: Source Value Difference
EICHERMOT | Mar 2016 | ROE Difference = 12.43% | Category: Source Value Difference
EICHERMOT | Mar 2017 | ROE Difference = 6.99% | Category: Source Value Difference
EICHERMOT | Mar 2020 | ROE Difference = 5.90% | Category: Source Value Difference
EICHERMOT | Mar 2021 | ROE Difference = 12.42% | Category: Source Value Difference
EICHERMOT | Mar 2022 | ROE Difference = 10.90% | Category: Source Value Difference
GAIL | Mar 2016 | ROE Difference = 8.85% | Category: Source Value Difference
GAIL | Mar 2017 | ROE Difference = 5.42% | Category: Source Value Difference
GAIL | Mar 2020 | ROE Difference = 5.31% | Category: Source Value Difference
GAIL | Mar 2022 | ROE Difference = 5.19% | Category: Source Value Difference
GAIL | Mar 2023 | ROE Difference = 5.38% | Category: Source Value Difference
GODREJCP | Mar 2013 | ROE Difference = 18.74% | Category: Source Value Difference
GODREJCP | Mar 2014 | ROE Difference = 14.93% | Category: Source Value Difference
GODREJCP | Mar 2015 | ROE Difference = 15.87% | Category: Source Value Difference
GODREJCP | Mar 2016 | ROE Difference = 12.71% | Category: Source Value Difference
GODREJCP | Mar 2017 | ROE Difference = 17.90% | Category: Source Value Difference
GODREJCP | Mar 2018 | ROE Difference = 19.34% | Category: Source Value Difference
GODREJCP | Mar 2019 | ROE Difference = 25.46% | Category: Source Value Difference
GODREJCP | Mar 2020 | ROE Difference = 12.18% | Category: Source Value Difference
GODREJCP | Mar 2021 | ROE Difference = 11.46% | Category: Source Value Difference
GODREJCP | Mar 2022 | ROE Difference = 8.66% | Category: Source Value Difference
GODREJCP | Mar 2023 | ROE Difference = 5.57% | Category: Source Value Difference
GODREJCP | Mar 2024 | ROE Difference = 11.22% | Category: Source Value Difference
GRASIM | Mar 2013 | ROE Difference = 12.32% | Category: Source Value Difference
GRASIM | Mar 2014 | ROE Difference = 6.77% | Category: Source Value Difference
GRASIM | Mar 2016 | ROE Difference = 5.70% | Category: Source Value Difference
GRASIM | Mar 2017 | ROE Difference = 6.63% | Category: Source Value Difference
GRASIM | Mar 2022 | ROE Difference = 7.90% | Category: Source Value Difference
GRASIM | Mar 2023 | ROE Difference = 7.17% | Category: Source Value Difference
HAL | Mar 2017 | ROE Difference = 1938.02% | Category: Source Value Difference
HAL | Mar 2018 | ROE Difference = 1499.56% | Category: Source Value Difference
HAL | Mar 2019 | ROE Difference = 1735.01% | Category: Source Value Difference
HAL | Mar 2020 | ROE Difference = 2030.52% | Category: Source Value Difference
HAL | Mar 2021 | ROE Difference = 2220.41% | Category: Source Value Difference
HAL | Mar 2022 | ROE Difference = 3295.28% | Category: Source Value Difference
HAL | Mar 2023 | ROE Difference = 3254.15% | Category: Source Value Difference
HAL | Mar 2024 | ROE Difference = 3787.68% | Category: Source Value Difference
HAVELLS | Mar 2013 | ROE Difference = 22.29% | Category: Source Value Difference
HAVELLS | Mar 2014 | ROE Difference = 8.77% | Category: Source Value Difference
HAVELLS | Mar 2016 | ROE Difference = 24.95% | Category: Source Value Difference
HCLTECH | Jun 2013 | ROE Difference = 7.39% | Category: Source Value Difference
HCLTECH | Jun 2014 | ROE Difference = 10.09% | Category: Source Value Difference
HCLTECH | Jun 2015 | ROE Difference = 7.01% | Category: Source Value Difference
HDFCBANK | Mar 2013 | Financial Sector - D/E Warning Suppressed
HDFCBANK | Mar 2014 | Financial Sector - D/E Warning Suppressed
HDFCBANK | Mar 2015 | Financial Sector - D/E Warning Suppressed
HDFCBANK | Mar 2016 | Financial Sector - D/E Warning Suppressed
HDFCBANK | Mar 2017 | Financial Sector - D/E Warning Suppressed
HDFCBANK | Mar 2018 | Financial Sector - D/E Warning Suppressed
HDFCBANK | Mar 2019 | Financial Sector - D/E Warning Suppressed
HDFCBANK | Mar 2020 | Financial Sector - D/E Warning Suppressed
HDFCBANK | Mar 2021 | Financial Sector - D/E Warning Suppressed
HDFCBANK | Mar 2022 | Financial Sector - D/E Warning Suppressed
HDFCBANK | Mar 2023 | Financial Sector - D/E Warning Suppressed
HDFCBANK | Mar 2024 | Financial Sector - D/E Warning Suppressed
HDFCLIFE | Mar 2013 | Financial Sector - D/E Warning Suppressed
HDFCLIFE | Mar 2013 | ROE Difference = 22.03% | Category: Source Value Difference
HDFCLIFE | Mar 2014 | Financial Sector - D/E Warning Suppressed
HDFCLIFE | Mar 2014 | ROE Difference = 26.20% | Category: Source Value Difference
HDFCLIFE | Mar 2015 | Financial Sector - D/E Warning Suppressed
HDFCLIFE | Mar 2015 | ROE Difference = 19.53% | Category: Source Value Difference
HDFCLIFE | Mar 2016 | Financial Sector - D/E Warning Suppressed
HDFCLIFE | Mar 2016 | ROE Difference = 14.93% | Category: Source Value Difference
HDFCLIFE | Mar 2017 | Financial Sector - D/E Warning Suppressed
HDFCLIFE | Mar 2017 | ROE Difference = 11.78% | Category: Source Value Difference
HDFCLIFE | Mar 2018 | Financial Sector - D/E Warning Suppressed
HDFCLIFE | Mar 2018 | ROE Difference = 12.13% | Category: Source Value Difference
HDFCLIFE | Mar 2019 | Financial Sector - D/E Warning Suppressed
HDFCLIFE | Mar 2019 | ROE Difference = 11.25% | Category: Source Value Difference
HDFCLIFE | Mar 2020 | Financial Sector - D/E Warning Suppressed
HDFCLIFE | Mar 2020 | ROE Difference = 7.65% | Category: Source Value Difference
HDFCLIFE | Mar 2021 | Financial Sector - D/E Warning Suppressed
HDFCLIFE | Mar 2022 | Financial Sector - D/E Warning Suppressed
HDFCLIFE | Mar 2023 | Financial Sector - D/E Warning Suppressed
HDFCLIFE | Mar 2024 | Financial Sector - D/E Warning Suppressed
HEROMOTOCO | Mar 2014 | ROE Difference = 15.38% | Category: Source Value Difference
HEROMOTOCO | Mar 2015 | ROE Difference = 14.15% | Category: Source Value Difference
HEROMOTOCO | Mar 2016 | ROE Difference = 13.23% | Category: Source Value Difference
HEROMOTOCO | Mar 2017 | ROE Difference = 12.37% | Category: Source Value Difference
HEROMOTOCO | Mar 2018 | ROE Difference = 9.09% | Category: Source Value Difference
HEROMOTOCO | Mar 2022 | ROE Difference = 7.30% | Category: Source Value Difference
HEROMOTOCO | Mar 2023 | ROE Difference = 5.19% | Category: Source Value Difference
HINDALCO | Mar 2015 | ROE Difference = 9.52% | Category: Source Value Difference
HINDALCO | Mar 2016 | ROE Difference = 11.93% | Category: Source Value Difference
HINDALCO | Mar 2017 | ROE Difference = 6.11% | Category: Source Value Difference
HINDALCO | Mar 2022 | ROE Difference = 7.36% | Category: Source Value Difference
HINDUNILVR | Mar 2013 | ROE Difference = 113.80% | Category: Source Value Difference
HINDUNILVR | Mar 2014 | ROE Difference = 91.65% | Category: Source Value Difference
HINDUNILVR | Mar 2015 | ROE Difference = 88.47% | Category: Source Value Difference
HINDUNILVR | Mar 2016 | ROE Difference = 42.95% | Category: Source Value Difference
HINDUNILVR | Mar 2017 | ROE Difference = 46.38% | Category: Source Value Difference
HINDUNILVR | Mar 2018 | ROE Difference = 51.59% | Category: Source Value Difference
HINDUNILVR | Mar 2019 | ROE Difference = 56.83% | Category: Source Value Difference
HINDUNILVR | Mar 2020 | ROE Difference = 61.90% | Category: Source Value Difference
ICICIBANK | Mar 2013 | Financial Sector - D/E Warning Suppressed
ICICIBANK | Mar 2014 | Financial Sector - D/E Warning Suppressed
ICICIBANK | Mar 2015 | Financial Sector - D/E Warning Suppressed
ICICIBANK | Mar 2016 | Financial Sector - D/E Warning Suppressed
ICICIBANK | Mar 2016 | ROE Difference = 7.19% | Category: Source Value Difference
ICICIBANK | Mar 2017 | Financial Sector - D/E Warning Suppressed
ICICIBANK | Mar 2017 | ROE Difference = 7.96% | Category: Source Value Difference
ICICIBANK | Mar 2018 | Financial Sector - D/E Warning Suppressed
ICICIBANK | Mar 2018 | ROE Difference = 10.57% | Category: Source Value Difference
ICICIBANK | Mar 2019 | Financial Sector - D/E Warning Suppressed
ICICIBANK | Mar 2019 | ROE Difference = 13.82% | Category: Source Value Difference
ICICIBANK | Mar 2020 | Financial Sector - D/E Warning Suppressed
ICICIBANK | Mar 2020 | ROE Difference = 9.67% | Category: Source Value Difference
ICICIBANK | Mar 2021 | Financial Sector - D/E Warning Suppressed
ICICIBANK | Mar 2021 | ROE Difference = 5.88% | Category: Source Value Difference
ICICIBANK | Mar 2022 | Financial Sector - D/E Warning Suppressed
ICICIBANK | Mar 2023 | Financial Sector - D/E Warning Suppressed
ICICIBANK | Mar 2024 | Financial Sector - D/E Warning Suppressed
ICICIGI | Mar 2013 | Financial Sector - D/E Warning Suppressed
ICICIGI | Mar 2014 | Financial Sector - D/E Warning Suppressed
ICICIGI | Mar 2015 | Financial Sector - D/E Warning Suppressed
ICICIGI | Mar 2016 | Financial Sector - D/E Warning Suppressed
ICICIGI | Mar 2017 | Financial Sector - D/E Warning Suppressed
ICICIGI | Mar 2018 | Financial Sector - D/E Warning Suppressed
ICICIGI | Mar 2019 | Financial Sector - D/E Warning Suppressed
ICICIGI | Mar 2020 | Financial Sector - D/E Warning Suppressed
ICICIGI | Mar 2021 | Financial Sector - D/E Warning Suppressed
ICICIGI | Mar 2022 | Financial Sector - D/E Warning Suppressed
ICICIGI | Mar 2023 | Financial Sector - D/E Warning Suppressed
ICICIGI | Mar 2024 | Financial Sector - D/E Warning Suppressed
ICICIPRULI | Mar 2013 | Financial Sector - D/E Warning Suppressed
ICICIPRULI | Mar 2013 | ROE Difference = 30.18% | Category: Source Value Difference
ICICIPRULI | Mar 2014 | Financial Sector - D/E Warning Suppressed
ICICIPRULI | Mar 2014 | ROE Difference = 27.54% | Category: Source Value Difference
ICICIPRULI | Mar 2015 | Financial Sector - D/E Warning Suppressed
ICICIPRULI | Mar 2015 | ROE Difference = 23.08% | Category: Source Value Difference
ICICIPRULI | Mar 2016 | Financial Sector - D/E Warning Suppressed
ICICIPRULI | Mar 2016 | ROE Difference = 22.93% | Category: Source Value Difference
ICICIPRULI | Mar 2017 | Financial Sector - D/E Warning Suppressed
ICICIPRULI | Mar 2017 | ROE Difference = 18.19% | Category: Source Value Difference
ICICIPRULI | Mar 2018 | Financial Sector - D/E Warning Suppressed
ICICIPRULI | Mar 2018 | ROE Difference = 16.56% | Category: Source Value Difference
ICICIPRULI | Mar 2019 | Financial Sector - D/E Warning Suppressed
ICICIPRULI | Mar 2019 | ROE Difference = 8.51% | Category: Source Value Difference
ICICIPRULI | Mar 2020 | Financial Sector - D/E Warning Suppressed
ICICIPRULI | Mar 2020 | ROE Difference = 6.72% | Category: Source Value Difference
ICICIPRULI | Mar 2021 | Financial Sector - D/E Warning Suppressed
ICICIPRULI | Mar 2022 | Financial Sector - D/E Warning Suppressed
ICICIPRULI | Mar 2023 | Financial Sector - D/E Warning Suppressed
ICICIPRULI | Mar 2024 | Financial Sector - D/E Warning Suppressed
INDUSINDBK | Mar 2013 | Financial Sector - D/E Warning Suppressed
INDUSINDBK | Mar 2014 | Financial Sector - D/E Warning Suppressed
INDUSINDBK | Mar 2015 | Financial Sector - D/E Warning Suppressed
INDUSINDBK | Mar 2016 | Financial Sector - D/E Warning Suppressed
INDUSINDBK | Mar 2017 | Financial Sector - D/E Warning Suppressed
INDUSINDBK | Mar 2018 | Financial Sector - D/E Warning Suppressed
INDUSINDBK | Mar 2019 | Financial Sector - D/E Warning Suppressed
INDUSINDBK | Mar 2020 | Financial Sector - D/E Warning Suppressed
INDUSINDBK | Mar 2021 | Financial Sector - D/E Warning Suppressed
INDUSINDBK | Mar 2021 | ROE Difference = 8.66% | Category: Source Value Difference
INDUSINDBK | Mar 2022 | Financial Sector - D/E Warning Suppressed
INDUSINDBK | Mar 2022 | ROE Difference = 5.53% | Category: Source Value Difference
INDUSINDBK | Mar 2023 | Financial Sector - D/E Warning Suppressed
INDUSINDBK | Mar 2024 | Financial Sector - D/E Warning Suppressed
INFY | Mar 2013 | ROE Difference = 6.98% | Category: Source Value Difference
INFY | Mar 2014 | ROE Difference = 7.87% | Category: Source Value Difference
INFY | Mar 2015 | ROE Difference = 7.41% | Category: Source Value Difference
INFY | Mar 2016 | ROE Difference = 9.95% | Category: Source Value Difference
INFY | Mar 2017 | ROE Difference = 10.99% | Category: Source Value Difference
INFY | Mar 2018 | ROE Difference = 7.11% | Category: Source Value Difference
INFY | Mar 2019 | ROE Difference = 8.07% | Category: Source Value Difference
INFY | Mar 2020 | ROE Difference = 6.38% | Category: Source Value Difference
INFY | Mar 2021 | ROE Difference = 6.36% | Category: Source Value Difference
IOC | Mar 2013 | ROE Difference = 19.69% | Category: Source Value Difference
IOC | Mar 2014 | ROE Difference = 15.18% | Category: Source Value Difference
IOC | Mar 2015 | ROE Difference = 18.36% | Category: Source Value Difference
IOC | Mar 2016 | ROE Difference = 11.64% | Category: Source Value Difference
IOC | Mar 2017 | ROE Difference = 5.47% | Category: Source Value Difference
IOC | Mar 2018 | ROE Difference = 5.57% | Category: Source Value Difference
IOC | Mar 2019 | ROE Difference = 10.08% | Category: Source Value Difference
IOC | Mar 2020 | ROE Difference = 27.41% | Category: Source Value Difference
IOC | Mar 2021 | ROE Difference = 5.98% | Category: Source Value Difference
IOC | Mar 2022 | ROE Difference = 6.17% | Category: Source Value Difference
IOC | Mar 2023 | ROE Difference = 17.06% | Category: Source Value Difference
IRCTC | Mar 2015 | ROE Difference = 10.90% | Category: Source Value Difference
IRCTC | Mar 2016 | ROE Difference = 5.53% | Category: Source Value Difference
IRCTC | Mar 2017 | ROE Difference = 11.30% | Category: Source Value Difference
IRCTC | Mar 2018 | ROE Difference = 17.26% | Category: Source Value Difference
IRCTC | Mar 2019 | ROE Difference = 11.55% | Category: Source Value Difference
IRCTC | Mar 2021 | ROE Difference = 27.56% | Category: Source Value Difference
IRCTC | Mar 2022 | ROE Difference = 5.11% | Category: Source Value Difference
IRCTC | Mar 2024 | ROE Difference = 6.00% | Category: Source Value Difference
IRFC | Mar 2016 | Financial Sector - D/E Warning Suppressed
IRFC | Mar 2016 | ROE Difference = 6.33% | Category: Source Value Difference
IRFC | Mar 2017 | Financial Sector - D/E Warning Suppressed
IRFC | Mar 2017 | ROE Difference = 5.92% | Category: Source Value Difference
IRFC | Mar 2018 | Financial Sector - D/E Warning Suppressed
IRFC | Mar 2019 | Financial Sector - D/E Warning Suppressed
IRFC | Mar 2020 | Financial Sector - D/E Warning Suppressed
IRFC | Mar 2021 | Financial Sector - D/E Warning Suppressed
IRFC | Mar 2022 | Financial Sector - D/E Warning Suppressed
IRFC | Mar 2023 | Financial Sector - D/E Warning Suppressed
IRFC | Mar 2024 | Financial Sector - D/E Warning Suppressed
ITC | Mar 2016 | ROE Difference = 7.21% | Category: Source Value Difference
ITC | Mar 2017 | ROE Difference = 6.90% | Category: Source Value Difference
ITC | Mar 2018 | ROE Difference = 7.58% | Category: Source Value Difference
ITC | Mar 2019 | ROE Difference = 7.77% | Category: Source Value Difference
ITC | Mar 2020 | ROE Difference = 5.58% | Category: Source Value Difference
ITC | Mar 2021 | ROE Difference = 7.29% | Category: Source Value Difference
JINDALSTEL | Mar 2014 | ROE Difference = 5.71% | Category: Source Value Difference
JINDALSTEL | Mar 2015 | ROE Difference = 21.00% | Category: Source Value Difference
JINDALSTEL | Mar 2016 | ROE Difference = 23.62% | Category: Source Value Difference
JINDALSTEL | Mar 2017 | ROE Difference = 22.55% | Category: Source Value Difference
JINDALSTEL | Mar 2018 | ROE Difference = 19.42% | Category: Source Value Difference
JINDALSTEL | Mar 2019 | ROE Difference = 21.62% | Category: Source Value Difference
JINDALSTEL | Mar 2020 | ROE Difference = 15.34% | Category: Source Value Difference
JIOFIN | Mar 2023 | Financial Sector - D/E Warning Suppressed
JIOFIN | Mar 2024 | Financial Sector - D/E Warning Suppressed
JSWENERGY | Mar 2013 | ROE Difference = 6.12% | Category: Source Value Difference
JSWENERGY | Mar 2015 | ROE Difference = 9.66% | Category: Source Value Difference
JSWENERGY | Mar 2016 | ROE Difference = 6.65% | Category: Source Value Difference
JSWENERGY | Mar 2018 | ROE Difference = 7.63% | Category: Source Value Difference
JSWSTEEL | Mar 2013 | ROE Difference = 6.22% | Category: Source Value Difference
JSWSTEEL | Mar 2014 | ROE Difference = 9.76% | Category: Source Value Difference
JSWSTEEL | Mar 2016 | ROE Difference = 14.20% | Category: Source Value Difference
JSWSTEEL | Mar 2018 | ROE Difference = 10.17% | Category: Source Value Difference
JSWSTEEL | Mar 2019 | ROE Difference = 9.96% | Category: Source Value Difference
JSWSTEEL | Mar 2021 | ROE Difference = 5.18% | Category: Source Value Difference
JSWSTEEL | Mar 2022 | ROE Difference = 19.45% | Category: Source Value Difference
JSWSTEEL | Mar 2023 | ROE Difference = 5.36% | Category: Source Value Difference
KOTAKBANK | Mar 2013 | Financial Sector - D/E Warning Suppressed
KOTAKBANK | Mar 2014 | Financial Sector - D/E Warning Suppressed
KOTAKBANK | Mar 2015 | Financial Sector - D/E Warning Suppressed
KOTAKBANK | Mar 2016 | Financial Sector - D/E Warning Suppressed
KOTAKBANK | Mar 2017 | Financial Sector - D/E Warning Suppressed
KOTAKBANK | Mar 2018 | Financial Sector - D/E Warning Suppressed
KOTAKBANK | Mar 2019 | Financial Sector - D/E Warning Suppressed
KOTAKBANK | Mar 2020 | Financial Sector - D/E Warning Suppressed
KOTAKBANK | Mar 2021 | Financial Sector - D/E Warning Suppressed
KOTAKBANK | Mar 2022 | Financial Sector - D/E Warning Suppressed
KOTAKBANK | Mar 2023 | Financial Sector - D/E Warning Suppressed
KOTAKBANK | Mar 2024 | Financial Sector - D/E Warning Suppressed
LICI | Mar 2019 | Financial Sector - D/E Warning Suppressed
LICI | Mar 2019 | ROE Difference = 260.71% | Category: Source Value Difference
LICI | Mar 2020 | Financial Sector - D/E Warning Suppressed
LICI | Mar 2020 | ROE Difference = 206.85% | Category: Source Value Difference
LICI | Mar 2021 | Financial Sector - D/E Warning Suppressed
LICI | Mar 2021 | ROE Difference = 20.41% | Category: Source Value Difference
LICI | Mar 2022 | Financial Sector - D/E Warning Suppressed
LICI | Mar 2022 | ROE Difference = 27.23% | Category: Source Value Difference
LICI | Mar 2023 | Financial Sector - D/E Warning Suppressed
LICI | Mar 2023 | ROE Difference = 14.25% | Category: Source Value Difference
LICI | Mar 2024 | Financial Sector - D/E Warning Suppressed
LICI | Mar 2024 | ROE Difference = 14.16% | Category: Source Value Difference
LODHA | Mar 2016 | ROE Difference = 6.99% | Category: Source Value Difference
LODHA | Mar 2019 | ROE Difference = 32.10% | Category: Source Value Difference
LODHA | Mar 2020 | ROE Difference = 5.60% | Category: Source Value Difference
LODHA | Mar 2021 | ROE Difference = 9.66% | Category: Source Value Difference
LODHA | Mar 2023 | ROE Difference = 6.83% | Category: Source Value Difference
LT | Mar 2013 | ROE Difference = 384.66% | Category: Source Value Difference
LT | Mar 2014 | ROE Difference = 292.93% | Category: Source Value Difference
LT | Mar 2015 | ROE Difference = 234.62% | Category: Source Value Difference
LT | Mar 2016 | ROE Difference = 205.60% | Category: Source Value Difference
LT | Mar 2017 | ROE Difference = 195.81% | Category: Source Value Difference
LT | Mar 2018 | ROE Difference = 196.87% | Category: Source Value Difference
LT | Mar 2019 | ROE Difference = 198.32% | Category: Source Value Difference
LT | Mar 2020 | ROE Difference = 191.10% | Category: Source Value Difference
LT | Mar 2021 | ROE Difference = 166.41% | Category: Source Value Difference
LT | Mar 2022 | ROE Difference = 62.43% | Category: Source Value Difference
LT | Mar 2023 | ROE Difference = 65.03% | Category: Source Value Difference
LT | Mar 2024 | ROE Difference = 67.18% | Category: Source Value Difference
LTIM | Mar 2013 | ROE Difference = 15.93% | Category: Source Value Difference
LTIM | Mar 2014 | ROE Difference = 35.82% | Category: Source Value Difference
LTIM | Mar 2015 | ROE Difference = 11.92% | Category: Source Value Difference
LTIM | Mar 2016 | ROE Difference = 13.30% | Category: Source Value Difference
M&M | Mar 2020 | ROE Difference = 18.79% | Category: Source Value Difference
M&M | Mar 2021 | ROE Difference = 14.35% | Category: Source Value Difference
MARUTI | Mar 2021 | ROE Difference = 7.39% | Category: Source Value Difference
MARUTI | Mar 2022 | ROE Difference = 8.74% | Category: Source Value Difference
MOTHERSON | Mar 2013 | ROE Difference = 7.95% | Category: Source Value Difference
MOTHERSON | Mar 2014 | ROE Difference = 25.27% | Category: Source Value Difference
MOTHERSON | Mar 2015 | ROE Difference = 27.07% | Category: Source Value Difference
MOTHERSON | Mar 2016 | ROE Difference = 28.55% | Category: Source Value Difference
MOTHERSON | Mar 2017 | ROE Difference = 14.46% | Category: Source Value Difference
MOTHERSON | Mar 2018 | ROE Difference = 11.07% | Category: Source Value Difference
MOTHERSON | Mar 2019 | ROE Difference = 7.34% | Category: Source Value Difference
MOTHERSON | Mar 2022 | ROE Difference = 6.06% | Category: Source Value Difference
NAUKRI | Mar 2013 | ROE Difference = 10.06% | Category: Source Value Difference
NAUKRI | Mar 2014 | ROE Difference = 6.49% | Category: Source Value Difference
NAUKRI | Mar 2016 | ROE Difference = 5.21% | Category: Source Value Difference
NAUKRI | Mar 2017 | ROE Difference = 5.14% | Category: Source Value Difference
NAUKRI | Mar 2018 | ROE Difference = 22.06% | Category: Source Value Difference
NAUKRI | Mar 2019 | ROE Difference = 20.84% | Category: Source Value Difference
NAUKRI | Mar 2020 | ROE Difference = 13.65% | Category: Source Value Difference
NAUKRI | Mar 2021 | ROE Difference = 23.84% | Category: Source Value Difference
NAUKRI | Mar 2022 | ROE Difference = 72.27% | Category: Source Value Difference
NESTLEIND | Dec 2013 | ROE Difference = 88.44% | Category: Source Value Difference
NESTLEIND | Dec 2014 | ROE Difference = 93.84% | Category: Source Value Difference
NESTLEIND | Dec 2015 | ROE Difference = 115.62% | Category: Source Value Difference
NESTLEIND | Dec 2016 | ROE Difference = 105.11% | Category: Source Value Difference
NESTLEIND | Dec 2017 | ROE Difference = 99.79% | Category: Source Value Difference
NESTLEIND | Dec 2018 | ROE Difference = 91.86% | Category: Source Value Difference
NESTLEIND | Dec 2019 | ROE Difference = 33.00% | Category: Source Value Difference
NESTLEIND | Dec 2020 | ROE Difference = 32.49% | Category: Source Value Difference
NESTLEIND | Dec 2021 | ROE Difference = 26.77% | Category: Source Value Difference
NESTLEIND | Dec 2022 | ROE Difference = 38.38% | Category: Source Value Difference
NESTLEIND | Dec 2023 | ROE Difference = 13.65% | Category: Source Value Difference
NESTLEIND | Mar 2024 | ROE Difference = 17.86% | Category: Source Value Difference
ONGC | Mar 2016 | ROE Difference = 7.70% | Category: Source Value Difference
ONGC | Mar 2020 | ROE Difference = 8.73% | Category: Source Value Difference
PFC | Mar 2013 | Financial Sector - D/E Warning Suppressed
PFC | Mar 2014 | Financial Sector - D/E Warning Suppressed
PFC | Mar 2015 | Financial Sector - D/E Warning Suppressed
PFC | Mar 2016 | Financial Sector - D/E Warning Suppressed
PFC | Mar 2017 | Financial Sector - D/E Warning Suppressed
PFC | Mar 2017 | ROE Difference = 13.42% | Category: Source Value Difference
PFC | Mar 2018 | Financial Sector - D/E Warning Suppressed
PFC | Mar 2019 | Financial Sector - D/E Warning Suppressed
PFC | Mar 2019 | ROE Difference = 7.33% | Category: Source Value Difference
PFC | Mar 2020 | Financial Sector - D/E Warning Suppressed
PFC | Mar 2021 | Financial Sector - D/E Warning Suppressed
PFC | Mar 2021 | ROE Difference = 6.37% | Category: Source Value Difference
PFC | Mar 2022 | Financial Sector - D/E Warning Suppressed
PFC | Mar 2022 | ROE Difference = 6.69% | Category: Source Value Difference
PFC | Mar 2023 | Financial Sector - D/E Warning Suppressed
PFC | Mar 2023 | ROE Difference = 5.68% | Category: Source Value Difference
PFC | Mar 2024 | Financial Sector - D/E Warning Suppressed
PFC | Mar 2024 | ROE Difference = 6.67% | Category: Source Value Difference
PIDILITIND | Mar 2016 | ROE Difference = 7.79% | Category: Source Value Difference
PNB | Mar 2013 | Financial Sector - D/E Warning Suppressed
PNB | Mar 2013 | ROE Difference = 803.60% | Category: Source Value Difference
PNB | Mar 2013 | Financial Sector - D/E Warning Suppressed
PNB | Mar 2013 | ROE Difference = 803.60% | Category: Source Value Difference
PNB | Mar 2013 | Financial Sector - D/E Warning Suppressed
PNB | Mar 2013 | ROE Difference = 803.60% | Category: Source Value Difference
PNB | Mar 2013 | Financial Sector - D/E Warning Suppressed
PNB | Mar 2013 | ROE Difference = 803.60% | Category: Source Value Difference
PNB | Mar 2013 | Financial Sector - D/E Warning Suppressed
PNB | Mar 2013 | ROE Difference = 803.60% | Category: Source Value Difference
PNB | Mar 2014 | Financial Sector - D/E Warning Suppressed
PNB | Mar 2014 | ROE Difference = 384.66% | Category: Source Value Difference
PNB | Mar 2014 | Financial Sector - D/E Warning Suppressed
PNB | Mar 2014 | ROE Difference = 384.66% | Category: Source Value Difference
PNB | Mar 2014 | Financial Sector - D/E Warning Suppressed
PNB | Mar 2014 | ROE Difference = 384.66% | Category: Source Value Difference
PNB | Mar 2014 | Financial Sector - D/E Warning Suppressed
PNB | Mar 2014 | ROE Difference = 384.66% | Category: Source Value Difference
PNB | Mar 2014 | Financial Sector - D/E Warning Suppressed
PNB | Mar 2014 | ROE Difference = 384.66% | Category: Source Value Difference
PNB | Mar 2015 | Financial Sector - D/E Warning Suppressed
PNB | Mar 2015 | ROE Difference = 214.54% | Category: Source Value Difference
PNB | Mar 2015 | Financial Sector - D/E Warning Suppressed
PNB | Mar 2015 | ROE Difference = 214.54% | Category: Source Value Difference
PNB | Mar 2015 | Financial Sector - D/E Warning Suppressed
PNB | Mar 2015 | ROE Difference = 214.54% | Category: Source Value Difference
PNB | Mar 2015 | Financial Sector - D/E Warning Suppressed
PNB | Mar 2015 | ROE Difference = 214.54% | Category: Source Value Difference
PNB | Mar 2015 | Financial Sector - D/E Warning Suppressed
PNB | Mar 2015 | ROE Difference = 214.54% | Category: Source Value Difference
PNB | Mar 2016 | Financial Sector - D/E Warning Suppressed
PNB | Mar 2016 | ROE Difference = 172.26% | Category: Source Value Difference
PNB | Mar 2016 | Financial Sector - D/E Warning Suppressed
PNB | Mar 2016 | ROE Difference = 172.26% | Category: Source Value Difference
PNB | Mar 2016 | Financial Sector - D/E Warning Suppressed
PNB | Mar 2016 | ROE Difference = 172.26% | Category: Source Value Difference
PNB | Mar 2016 | Financial Sector - D/E Warning Suppressed
PNB | Mar 2016 | ROE Difference = 172.26% | Category: Source Value Difference
PNB | Mar 2016 | Financial Sector - D/E Warning Suppressed
PNB | Mar 2016 | ROE Difference = 172.26% | Category: Source Value Difference
PNB | Mar 2017 | Financial Sector - D/E Warning Suppressed
PNB | Mar 2017 | ROE Difference = 13.51% | Category: Source Value Difference
PNB | Mar 2017 | Financial Sector - D/E Warning Suppressed
PNB | Mar 2017 | ROE Difference = 13.51% | Category: Source Value Difference
PNB | Mar 2017 | Financial Sector - D/E Warning Suppressed
PNB | Mar 2017 | ROE Difference = 13.51% | Category: Source Value Difference
PNB | Mar 2017 | Financial Sector - D/E Warning Suppressed
PNB | Mar 2017 | ROE Difference = 13.51% | Category: Source Value Difference
PNB | Mar 2017 | Financial Sector - D/E Warning Suppressed
PNB | Mar 2017 | ROE Difference = 13.51% | Category: Source Value Difference
PNB | Mar 2018 | Financial Sector - D/E Warning Suppressed
PNB | Mar 2018 | ROE Difference = 193.07% | Category: Source Value Difference
PNB | Mar 2018 | Financial Sector - D/E Warning Suppressed
PNB | Mar 2018 | ROE Difference = 193.07% | Category: Source Value Difference
PNB | Mar 2018 | Financial Sector - D/E Warning Suppressed
PNB | Mar 2018 | ROE Difference = 193.07% | Category: Source Value Difference
PNB | Mar 2018 | Financial Sector - D/E Warning Suppressed
PNB | Mar 2018 | ROE Difference = 193.07% | Category: Source Value Difference
PNB | Mar 2018 | Financial Sector - D/E Warning Suppressed
PNB | Mar 2018 | ROE Difference = 193.07% | Category: Source Value Difference
PNB | Mar 2019 | Financial Sector - D/E Warning Suppressed
PNB | Mar 2019 | ROE Difference = 137.15% | Category: Source Value Difference
PNB | Mar 2019 | Financial Sector - D/E Warning Suppressed
PNB | Mar 2019 | ROE Difference = 137.15% | Category: Source Value Difference
PNB | Mar 2019 | Financial Sector - D/E Warning Suppressed
PNB | Mar 2019 | ROE Difference = 137.15% | Category: Source Value Difference
PNB | Mar 2019 | Financial Sector - D/E Warning Suppressed
PNB | Mar 2019 | ROE Difference = 137.15% | Category: Source Value Difference
PNB | Mar 2019 | Financial Sector - D/E Warning Suppressed
PNB | Mar 2019 | ROE Difference = 137.15% | Category: Source Value Difference
PNB | Mar 2020 | Financial Sector - D/E Warning Suppressed
PNB | Mar 2020 | Financial Sector - D/E Warning Suppressed
PNB | Mar 2020 | Financial Sector - D/E Warning Suppressed
PNB | Mar 2020 | Financial Sector - D/E Warning Suppressed
PNB | Mar 2020 | Financial Sector - D/E Warning Suppressed
PNB | Mar 2021 | Financial Sector - D/E Warning Suppressed
PNB | Mar 2021 | ROE Difference = 21.69% | Category: Source Value Difference
PNB | Mar 2021 | Financial Sector - D/E Warning Suppressed
PNB | Mar 2021 | ROE Difference = 21.69% | Category: Source Value Difference
PNB | Mar 2021 | Financial Sector - D/E Warning Suppressed
PNB | Mar 2021 | ROE Difference = 21.69% | Category: Source Value Difference
PNB | Mar 2021 | Financial Sector - D/E Warning Suppressed
PNB | Mar 2021 | ROE Difference = 21.69% | Category: Source Value Difference
PNB | Mar 2021 | Financial Sector - D/E Warning Suppressed
PNB | Mar 2021 | ROE Difference = 21.69% | Category: Source Value Difference
PNB | Mar 2022 | Financial Sector - D/E Warning Suppressed
PNB | Mar 2022 | ROE Difference = 31.17% | Category: Source Value Difference
PNB | Mar 2022 | Financial Sector - D/E Warning Suppressed
PNB | Mar 2022 | ROE Difference = 31.17% | Category: Source Value Difference
PNB | Mar 2022 | Financial Sector - D/E Warning Suppressed
PNB | Mar 2022 | ROE Difference = 31.17% | Category: Source Value Difference
PNB | Mar 2022 | Financial Sector - D/E Warning Suppressed
PNB | Mar 2022 | ROE Difference = 31.17% | Category: Source Value Difference
PNB | Mar 2022 | Financial Sector - D/E Warning Suppressed
PNB | Mar 2022 | ROE Difference = 31.17% | Category: Source Value Difference
PNB | Mar 2023 | Financial Sector - D/E Warning Suppressed
PNB | Mar 2023 | ROE Difference = 21.97% | Category: Source Value Difference
PNB | Mar 2023 | Financial Sector - D/E Warning Suppressed
PNB | Mar 2023 | ROE Difference = 21.97% | Category: Source Value Difference
PNB | Mar 2023 | Financial Sector - D/E Warning Suppressed
PNB | Mar 2023 | ROE Difference = 21.97% | Category: Source Value Difference
PNB | Mar 2023 | Financial Sector - D/E Warning Suppressed
PNB | Mar 2023 | ROE Difference = 21.97% | Category: Source Value Difference
PNB | Mar 2023 | Financial Sector - D/E Warning Suppressed
PNB | Mar 2023 | ROE Difference = 21.97% | Category: Source Value Difference
PNB | Mar 2024 | Financial Sector - D/E Warning Suppressed
PNB | Mar 2024 | ROE Difference = 52.62% | Category: Source Value Difference
PNB | Mar 2024 | Financial Sector - D/E Warning Suppressed
PNB | Mar 2024 | ROE Difference = 52.62% | Category: Source Value Difference
PNB | Mar 2024 | Financial Sector - D/E Warning Suppressed
PNB | Mar 2024 | ROE Difference = 52.62% | Category: Source Value Difference
PNB | Mar 2024 | Financial Sector - D/E Warning Suppressed
PNB | Mar 2024 | ROE Difference = 52.62% | Category: Source Value Difference
PNB | Mar 2024 | Financial Sector - D/E Warning Suppressed
PNB | Mar 2024 | ROE Difference = 52.62% | Category: Source Value Difference
POWERGRID | Mar 2014 | ROE Difference = 5.89% | Category: Source Value Difference
POWERGRID | Mar 2014 | ROE Difference = 5.89% | Category: Source Value Difference
POWERGRID | Mar 2015 | ROE Difference = 5.87% | Category: Source Value Difference
POWERGRID | Mar 2015 | ROE Difference = 5.87% | Category: Source Value Difference
POWERGRID | Mar 2016 | ROE Difference = 5.45% | Category: Source Value Difference
POWERGRID | Mar 2016 | ROE Difference = 5.45% | Category: Source Value Difference
RECLTD | Mar 2013 | Financial Sector - D/E Warning Suppressed
RECLTD | Mar 2014 | Financial Sector - D/E Warning Suppressed
RECLTD | Mar 2015 | Financial Sector - D/E Warning Suppressed
RECLTD | Mar 2016 | Financial Sector - D/E Warning Suppressed
RECLTD | Mar 2017 | Financial Sector - D/E Warning Suppressed
RECLTD | Mar 2018 | Financial Sector - D/E Warning Suppressed
RECLTD | Mar 2018 | ROE Difference = 8.54% | Category: Source Value Difference
RECLTD | Mar 2019 | Financial Sector - D/E Warning Suppressed
RECLTD | Mar 2019 | ROE Difference = 5.58% | Category: Source Value Difference
RECLTD | Mar 2020 | Financial Sector - D/E Warning Suppressed
RECLTD | Mar 2020 | ROE Difference = 8.15% | Category: Source Value Difference
RECLTD | Mar 2021 | Financial Sector - D/E Warning Suppressed
RECLTD | Mar 2022 | Financial Sector - D/E Warning Suppressed
RECLTD | Mar 2023 | Financial Sector - D/E Warning Suppressed
RECLTD | Mar 2024 | Financial Sector - D/E Warning Suppressed
SBILIFE | Mar 2013 | Financial Sector - D/E Warning Suppressed
SBILIFE | Mar 2013 | ROE Difference = 11.03% | Category: Source Value Difference
SBILIFE | Mar 2014 | Financial Sector - D/E Warning Suppressed
SBILIFE | Mar 2014 | ROE Difference = 9.69% | Category: Source Value Difference
SBILIFE | Mar 2015 | Financial Sector - D/E Warning Suppressed
SBILIFE | Mar 2015 | ROE Difference = 8.09% | Category: Source Value Difference
SBILIFE | Mar 2016 | Financial Sector - D/E Warning Suppressed
SBILIFE | Mar 2016 | ROE Difference = 5.83% | Category: Source Value Difference
SBILIFE | Mar 2017 | Financial Sector - D/E Warning Suppressed
SBILIFE | Mar 2017 | ROE Difference = 5.20% | Category: Source Value Difference
SBILIFE | Mar 2018 | Financial Sector - D/E Warning Suppressed
SBILIFE | Mar 2018 | ROE Difference = 5.62% | Category: Source Value Difference
SBILIFE | Mar 2019 | Financial Sector - D/E Warning Suppressed
SBILIFE | Mar 2019 | ROE Difference = 5.52% | Category: Source Value Difference
SBILIFE | Mar 2020 | Financial Sector - D/E Warning Suppressed
SBILIFE | Mar 2021 | Financial Sector - D/E Warning Suppressed
SBILIFE | Mar 2022 | Financial Sector - D/E Warning Suppressed
SBILIFE | Mar 2023 | Financial Sector - D/E Warning Suppressed
SBILIFE | Mar 2024 | Financial Sector - D/E Warning Suppressed
SHREECEM | Jun 2013 | ROE Difference = 13.92% | Category: Source Value Difference
SHREECEM | Mar 2017 | ROE Difference = 5.19% | Category: Source Value Difference
SHRIRAMFIN | Mar 2013 | Financial Sector - D/E Warning Suppressed
SHRIRAMFIN | Mar 2014 | Financial Sector - D/E Warning Suppressed
SHRIRAMFIN | Mar 2015 | Financial Sector - D/E Warning Suppressed
SHRIRAMFIN | Mar 2016 | Financial Sector - D/E Warning Suppressed
SHRIRAMFIN | Mar 2017 | Financial Sector - D/E Warning Suppressed
SHRIRAMFIN | Mar 2018 | Financial Sector - D/E Warning Suppressed
SHRIRAMFIN | Mar 2019 | Financial Sector - D/E Warning Suppressed
SHRIRAMFIN | Mar 2020 | Financial Sector - D/E Warning Suppressed
SHRIRAMFIN | Mar 2021 | Financial Sector - D/E Warning Suppressed
SHRIRAMFIN | Mar 2022 | Financial Sector - D/E Warning Suppressed
SHRIRAMFIN | Mar 2022 | ROE Difference = 5.47% | Category: Source Value Difference
SHRIRAMFIN | Mar 2023 | Financial Sector - D/E Warning Suppressed
SHRIRAMFIN | Mar 2024 | Financial Sector - D/E Warning Suppressed
SIEMENS | Sep 2014 | ROE Difference = 5.32% | Category: Source Value Difference
SIEMENS | Sep 2016 | ROE Difference = 23.73% | Category: Source Value Difference
SIEMENS | Sep 2018 | ROE Difference = 8.24% | Category: Source Value Difference
SIEMENS | Sep 2019 | ROE Difference = 6.96% | Category: Source Value Difference
SIEMENS | Sep 2020 | ROE Difference = 11.00% | Category: Source Value Difference
SIEMENS | Sep 2021 | ROE Difference = 8.58% | Category: Source Value Difference
SIEMENS | Sep 2022 | ROE Difference = 5.81% | Category: Source Value Difference
SUNPHARMA | Mar 2013 | ROE Difference = 6.44% | Category: Source Value Difference
SUNPHARMA | Mar 2018 | ROE Difference = 10.07% | Category: Source Value Difference
SUNPHARMA | Mar 2019 | ROE Difference = 8.95% | Category: Source Value Difference
SUNPHARMA | Mar 2020 | ROE Difference = 7.48% | Category: Source Value Difference
SUNPHARMA | Mar 2021 | ROE Difference = 11.81% | Category: Source Value Difference
SUNPHARMA | Mar 2022 | ROE Difference = 9.64% | Category: Source Value Difference
TATACONSUM | Mar 2016 | ROE Difference = 8.91% | Category: Source Value Difference
TATAMOTORS | Mar 2013 | ROE Difference = 22.89% | Category: Source Value Difference
TATAMOTORS | Mar 2014 | ROE Difference = 27.98% | Category: Source Value Difference
TATAMOTORS | Mar 2015 | ROE Difference = 24.39% | Category: Source Value Difference
TATAMOTORS | Mar 2016 | ROE Difference = 34.61% | Category: Source Value Difference
TATAMOTORS | Mar 2017 | ROE Difference = 36.38% | Category: Source Value Difference
TATAMOTORS | Mar 2018 | ROE Difference = 39.87% | Category: Source Value Difference
TATAMOTORS | Mar 2019 | ROE Difference = 97.13% | Category: Source Value Difference
TATAMOTORS | Mar 2020 | ROE Difference = 68.38% | Category: Source Value Difference
TATAMOTORS | Mar 2021 | ROE Difference = 73.65% | Category: Source Value Difference
TATAMOTORS | Mar 2022 | ROE Difference = 74.78% | Category: Source Value Difference
TATAMOTORS | Mar 2023 | ROE Difference = 43.46% | Category: Source Value Difference
TATAMOTORS | Mar 2024 | ROE Difference = 11.94% | Category: Source Value Difference
TATAPOWER | Mar 2013 | ROE Difference = 10.30% | Category: Source Value Difference
TATAPOWER | Mar 2014 | ROE Difference = 11.20% | Category: Source Value Difference
TATAPOWER | Mar 2015 | ROE Difference = 8.11% | Category: Source Value Difference
TATASTEEL | Mar 2013 | ROE Difference = 27.83% | Category: Source Value Difference
TATASTEEL | Mar 2015 | ROE Difference = 19.11% | Category: Source Value Difference
TATASTEEL | Mar 2016 | ROE Difference = 7.69% | Category: Source Value Difference
TATASTEEL | Mar 2017 | ROE Difference = 17.57% | Category: Source Value Difference
TATASTEEL | Mar 2018 | ROE Difference = 22.60% | Category: Source Value Difference
TATASTEEL | Mar 2019 | ROE Difference = 6.68% | Category: Source Value Difference
TATASTEEL | Mar 2022 | ROE Difference = 29.93% | Category: Source Value Difference
TATASTEEL | Mar 2024 | ROE Difference = 11.88% | Category: Source Value Difference
TCS | Mar 2013 | ROE Difference = 36.00% | Category: Source Value Difference
TCS | Mar 2014 | ROE Difference = 38.78% | Category: Source Value Difference
TCS | Mar 2015 | ROE Difference = 39.10% | Category: Source Value Difference
TCS | Mar 2016 | ROE Difference = 33.72% | Category: Source Value Difference
TCS | Mar 2017 | ROE Difference = 30.05% | Category: Source Value Difference
TCS | Mar 2018 | ROE Difference = 29.88% | Category: Source Value Difference
TCS | Mar 2019 | ROE Difference = 34.77% | Category: Source Value Difference
TCS | Mar 2020 | ROE Difference = 38.05% | Category: Source Value Difference
TCS | Mar 2021 | ROE Difference = 37.15% | Category: Source Value Difference
TCS | Mar 2022 | ROE Difference = 42.61% | Category: Source Value Difference
TCS | Mar 2023 | ROE Difference = 46.26% | Category: Source Value Difference
TCS | Mar 2024 | ROE Difference = 50.42% | Category: Source Value Difference
TECHM | Mar 2013 | ROE Difference = 15.46% | Category: Source Value Difference
TECHM | Mar 2013 | ROE Difference = 15.46% | Category: Source Value Difference
TECHM | Mar 2014 | ROE Difference = 24.72% | Category: Source Value Difference
TECHM | Mar 2014 | ROE Difference = 24.72% | Category: Source Value Difference
TECHM | Mar 2015 | ROE Difference = 13.08% | Category: Source Value Difference
TECHM | Mar 2015 | ROE Difference = 13.08% | Category: Source Value Difference
TECHM | Mar 2016 | ROE Difference = 12.12% | Category: Source Value Difference
TECHM | Mar 2016 | ROE Difference = 12.12% | Category: Source Value Difference
TECHM | Mar 2017 | ROE Difference = 8.72% | Category: Source Value Difference
TECHM | Mar 2017 | ROE Difference = 8.72% | Category: Source Value Difference
TECHM | Mar 2018 | ROE Difference = 11.46% | Category: Source Value Difference
TECHM | Mar 2018 | ROE Difference = 11.46% | Category: Source Value Difference
TECHM | Mar 2019 | ROE Difference = 12.51% | Category: Source Value Difference
TECHM | Mar 2019 | ROE Difference = 12.51% | Category: Source Value Difference
TECHM | Mar 2020 | ROE Difference = 9.24% | Category: Source Value Difference
TECHM | Mar 2020 | ROE Difference = 9.24% | Category: Source Value Difference
TECHM | Mar 2021 | ROE Difference = 8.88% | Category: Source Value Difference
TECHM | Mar 2021 | ROE Difference = 8.88% | Category: Source Value Difference
TECHM | Mar 2022 | ROE Difference = 12.31% | Category: Source Value Difference
TECHM | Mar 2022 | ROE Difference = 12.31% | Category: Source Value Difference
TECHM | Mar 2023 | ROE Difference = 8.76% | Category: Source Value Difference
TECHM | Mar 2023 | ROE Difference = 8.76% | Category: Source Value Difference
TITAN | Mar 2015 | ROE Difference = 6.44% | Category: Source Value Difference
TITAN | Mar 2016 | ROE Difference = 13.65% | Category: Source Value Difference
TITAN | Mar 2017 | ROE Difference = 16.43% | Category: Source Value Difference
TITAN | Mar 2018 | ROE Difference = 11.25% | Category: Source Value Difference
TITAN | Mar 2019 | ROE Difference = 10.02% | Category: Source Value Difference
TITAN | Mar 2020 | ROE Difference = 10.51% | Category: Source Value Difference
TITAN | Mar 2021 | ROE Difference = 19.91% | Category: Source Value Difference
TITAN | Mar 2022 | ROE Difference = 9.27% | Category: Source Value Difference
TITAN | Mar 2023 | ROE Difference = 5.27% | Category: Source Value Difference
TORNTPHARM | Mar 2013 | ROE Difference = 6.39% | Category: Source Value Difference
TORNTPHARM | Mar 2014 | ROE Difference = 10.69% | Category: Source Value Difference
TORNTPHARM | Mar 2015 | ROE Difference = 5.95% | Category: Source Value Difference
TORNTPHARM | Mar 2016 | ROE Difference = 25.40% | Category: Source Value Difference
TORNTPHARM | Mar 2018 | ROE Difference = 9.53% | Category: Source Value Difference
TORNTPHARM | Mar 2019 | ROE Difference = 14.97% | Category: Source Value Difference
TORNTPHARM | Mar 2022 | ROE Difference = 11.15% | Category: Source Value Difference
TRENT | Mar 2013 | ROE Difference = 29.39% | Category: Source Value Difference
TRENT | Mar 2014 | ROE Difference = 29.12% | Category: Source Value Difference
TRENT | Mar 2015 | ROE Difference = 18.13% | Category: Source Value Difference
TRENT | Mar 2016 | ROE Difference = 23.44% | Category: Source Value Difference
TRENT | Mar 2017 | ROE Difference = 21.71% | Category: Source Value Difference
TRENT | Mar 2018 | ROE Difference = 21.75% | Category: Source Value Difference
TRENT | Mar 2019 | ROE Difference = 21.43% | Category: Source Value Difference
TRENT | Mar 2020 | ROE Difference = 22.76% | Category: Source Value Difference
TRENT | Mar 2021 | ROE Difference = 35.03% | Category: Source Value Difference
TRENT | Mar 2022 | ROE Difference = 25.72% | Category: Source Value Difference
TRENT | Mar 2023 | ROE Difference = 12.02% | Category: Source Value Difference
TRENT | Mar 2024 | ROE Difference = 9.11% | Category: Source Value Difference
